abc  books  xyz